// Jest Snapshot v1, https://goo.gl/fbAQLP

exports[`renders default state passing form data 1`] = `
<div
  className="filter-form"
>
  Hotel Name:
   
  <input
    className="filter-form__name-field"
    onChange={[Function]}
    type="text"
    value="the name"
  />
   
  Rating:
   
  <input
    className="filter-form__rating-field"
    onChange={[Function]}
    type="text"
    value="the rating"
  />
   
  Facility:
   
  <button
    onClick={[Function]}
    type="button"
  >
    Filter
  </button>
</div>
`;
